// Jest Snapshot v1, https://goo.gl/fbAQLP

exports[`Pruebas del componente <HookApp /> debe mostrar correctamenete el componente 1`] = `
<div>
  <h1>
    Hola Mundo
  </h1>
</div>
`;
