// Jest Snapshot v1, https://goo.gl/fbAQLP

exports[`Pruebas en <MultipleCustomHooks /> debe de mostrarse correctamente 1`] = `
<div>
  <h1>
    Breaking Bad Quotes
  </h1>
  <hr />
  <div
    className="alert alert-info text-center"
  >
    Loading...
  </div>
  <button
    className="btn btn-primary"
    onClick={[Function]}
  >
    Siguiente Frase
  </button>
</div>
`;

exports[`Pruebas en <MultipleCustomHooks /> debe mostrar la informaci√≥n 1`] = `
<div>
  <h1>
    Breaking Bad Quotes
  </h1>
  <hr />
  <blockquote
    className="blockquote text-right"
  >
    <p>
      Say my name
    </p>
    <footer
      className="blockquote-footer"
    >
      Walter White
    </footer>
  </blockquote>
  <button
    className="btn btn-primary"
    onClick={[Function]}
  >
    Siguiente Frase
  </button>
</div>
`;
