// Jest Snapshot v1, https://goo.gl/fbAQLP

exports[`Pruebas en <TodoList /> debe mostrar correctamente el componente 1`] = `
<div
  className="col-8"
>
  <table
    className="table table-striped table-hover"
  >
    <thead>
      <tr>
        <th
          scope="col"
        >
          #
        </th>
        <th
          scope="col"
        >
          Description
        </th>
        <th
          scope="col"
        >
          Actions
        </th>
        <th
          scope="col"
        >
          Complete
        </th>
      </tr>
    </thead>
    <tbody>
      <TodoListItem
        handleDelete={[MockFunction]}
        handleToggle={[MockFunction]}
        i={0}
        key="1"
        todo={
          Object {
            "desc": "Hola Mundo",
            "done": false,
            "id": 1,
          }
        }
      />
      <TodoListItem
        handleDelete={[MockFunction]}
        handleToggle={[MockFunction]}
        i={1}
        key="2"
        todo={
          Object {
            "desc": "Hola Mundo 2",
            "done": false,
            "id": 2,
          }
        }
      />
    </tbody>
  </table>
</div>
`;
